 hello 
sh: 1: hello: not found
exit status 127
 gcc -g p3original.c
 gdb ./a.out
GNU gdb (Ubuntu 8.1.1-0ubuntu1) 8.1.1
Copyright (C) 2018 Free Software Foundation, Inc.
License GPLv3+: GNU GPL version 3 or later <http://gnu.org/licenses/gpl.html>
This is free software: you are free to change and redistribute it.
There is NO WARRANTY, to the extent permitted by law.  Type "show copying"
and "show warranty" for details.
This GDB was configured as "x86_64-linux-gnu".
Type "show configuration" for configuration details.
For bug reporting instructions, please see:
<http://www.gnu.org/software/gdb/bugs/>.
Find the GDB manual and other documentation resources online at:
<http://www.gnu.org/software/gdb/documentation/>.
For help, type "help".
Type "apropos word" to search for commands related to "word"...
Reading symbols from ./a.out...done.
(gdb) b main
Breakpoint 1 at 0x80a: file p3original.c, line 34.
(gdb) r
Starting program: /home/runner/Test2Session1/a.out 
warning: Error disabling address space randomization: Operation not permitted

Breakpoint 1, main () at p3original.c:34
34    n=input();
(gdb) s
input () at p3original.c:3
3   {
(gdb) n
5     printf("enter the number");
(gdb) n
6     scanf("%d",&n);
(gdb) n
enter the number3
7     return n;
(gdb) n
8   }
(gdb) n
main () at p3original.c:35
35    int result=prime(n);
(gdb) s
prime (n=3) at p3original.c:10
10  { int a=-1;
(gdb) n
11    for(int i=2;i<n/2;i++)
(gdb) n
18    return a;
(gdb) n
19  }
(gdb) n
main () at p3original.c:36
36    output(n,result);
(gdb) n
37    return 0;
(gdb) n
38  }(gdb) n
__libc_start_main (main=0x5623fd200802 <main>, argc=1, argv=0x7ffe81d30b18, 
    init=<optimized out>, fini=<optimized out>, rtld_fini=<optimized out>, 
    stack_end=0x7ffe81d30b08) at ../csu/libc-start.c:344
344 ../csu/libc-start.c: No such file or directory.
(gdb) n
3 is a prime number[Inferior 1 (process 2972) exited normally]
(gdb) n
The program is not being run.
(gdb) n
The program is not being run.
(gdb) 
